---
http_interactions:
- request:
    method: get
    uri: https://api.instagram.com/v1/users/search.json?client_id=0e5605cc6f7e47b58d6ad205a8ae973e&count=1&q=nobodyhasthisname999
    body:
      encoding: US-ASCII
      string: ''
    headers:
      Accept:
      - application/json; charset=utf-8
      User-Agent:
      - Instagram Ruby Gem 1.1.3
      Accept-Encoding:
      - gzip;q=1.0,deflate;q=0.6,identity;q=0.3
  response:
    status:
      code: 200
      message: OK
    headers:
      Server:
      - nginx
      Date:
      - Thu, 05 Mar 2015 02:33:23 GMT
      Content-Type:
      - application/json; charset=utf-8
      X-Ratelimit-Remaining:
      - '4998'
      Content-Language:
      - en
      Expires:
      - Sat, 01 Jan 2000 00:00:00 GMT
      Vary:
      - Cookie, Accept-Language
      X-Ratelimit-Limit:
      - '5000'
      Pragma:
      - no-cache
      Cache-Control:
      - private, no-cache, no-store, must-revalidate
      Set-Cookie:
      - csrftoken=9375683b9bae97ec5b91f9027d12cac2; expires=Thu, 03-Mar-2016 02:33:23
        GMT; Max-Age=31449600; Path=/
      Connection:
      - keep-alive
      Content-Length:
      - '31'
    body:
      encoding: UTF-8
      string: '{"meta":{"code":200},"data":[]}'
    http_version: 
  recorded_at: Thu, 05 Mar 2015 02:33:23 GMT
- request:
    method: get
    uri: https://api.instagram.com/v1/users/search.json?client_id=0e5605cc6f7e47b58d6ad205a8ae973e&count=1&q=nobodyhasthisname999
    body:
      encoding: US-ASCII
      string: ''
    headers:
      Accept:
      - application/json; charset=utf-8
      User-Agent:
      - Instagram Ruby Gem 1.1.3
      Accept-Encoding:
      - gzip;q=1.0,deflate;q=0.6,identity;q=0.3
  response:
    status:
      code: 200
      message: OK
    headers:
      Server:
      - nginx
      Date:
      - Thu, 05 Mar 2015 02:33:27 GMT
      Content-Type:
      - application/json; charset=utf-8
      X-Ratelimit-Remaining:
      - '4997'
      Content-Language:
      - en
      Expires:
      - Sat, 01 Jan 2000 00:00:00 GMT
      Vary:
      - Cookie, Accept-Language
      X-Ratelimit-Limit:
      - '5000'
      Pragma:
      - no-cache
      Cache-Control:
      - private, no-cache, no-store, must-revalidate
      Set-Cookie:
      - csrftoken=80b5795d010fbc91908d19e365fb9a6d; expires=Thu, 03-Mar-2016 02:33:27
        GMT; Max-Age=31449600; Path=/
      Connection:
      - keep-alive
      Content-Length:
      - '31'
    body:
      encoding: UTF-8
      string: '{"meta":{"code":200},"data":[]}'
    http_version: 
  recorded_at: Thu, 05 Mar 2015 02:33:27 GMT
- request:
    method: get
    uri: https://api.instagram.com/v1/users/search.json?client_id=0e5605cc6f7e47b58d6ad205a8ae973e&count=1&q=nobodyhasthisname999
    body:
      encoding: US-ASCII
      string: ''
    headers:
      Accept:
      - application/json; charset=utf-8
      User-Agent:
      - Instagram Ruby Gem 1.1.3
      Accept-Encoding:
      - gzip;q=1.0,deflate;q=0.6,identity;q=0.3
  response:
    status:
      code: 200
      message: OK
    headers:
      Server:
      - nginx
      Date:
      - Thu, 05 Mar 2015 02:33:30 GMT
      Content-Type:
      - application/json; charset=utf-8
      X-Ratelimit-Remaining:
      - '4996'
      Content-Language:
      - en
      Expires:
      - Sat, 01 Jan 2000 00:00:00 GMT
      Vary:
      - Cookie, Accept-Language
      X-Ratelimit-Limit:
      - '5000'
      Pragma:
      - no-cache
      Cache-Control:
      - private, no-cache, no-store, must-revalidate
      Set-Cookie:
      - csrftoken=7c09ef7dcee4c66e426dac7e9eb0ec01; expires=Thu, 03-Mar-2016 02:33:30
        GMT; Max-Age=31449600; Path=/
      Connection:
      - keep-alive
      Content-Length:
      - '31'
    body:
      encoding: UTF-8
      string: '{"meta":{"code":200},"data":[]}'
    http_version: 
  recorded_at: Thu, 05 Mar 2015 02:33:30 GMT
- request:
    method: get
    uri: https://api.instagram.com/v1/users/search.json?client_id=0e5605cc6f7e47b58d6ad205a8ae973e&count=1&q=nobodyhasthisname999
    body:
      encoding: US-ASCII
      string: ''
    headers:
      Accept:
      - application/json; charset=utf-8
      User-Agent:
      - Instagram Ruby Gem 1.1.3
      Accept-Encoding:
      - gzip;q=1.0,deflate;q=0.6,identity;q=0.3
  response:
    status:
      code: 200
      message: OK
    headers:
      Server:
      - nginx
      Date:
      - Thu, 05 Mar 2015 02:33:32 GMT
      Content-Type:
      - application/json; charset=utf-8
      X-Ratelimit-Remaining:
      - '4995'
      Content-Language:
      - en
      Expires:
      - Sat, 01 Jan 2000 00:00:00 GMT
      Vary:
      - Cookie, Accept-Language
      X-Ratelimit-Limit:
      - '5000'
      Pragma:
      - no-cache
      Cache-Control:
      - private, no-cache, no-store, must-revalidate
      Set-Cookie:
      - csrftoken=ea5fbfb605e7f338e66d5e2f3a7b878c; expires=Thu, 03-Mar-2016 02:33:32
        GMT; Max-Age=31449600; Path=/
      Connection:
      - keep-alive
      Content-Length:
      - '31'
    body:
      encoding: UTF-8
      string: '{"meta":{"code":200},"data":[]}'
    http_version: 
  recorded_at: Thu, 05 Mar 2015 02:33:32 GMT
- request:
    method: get
    uri: https://api.instagram.com/v1/users/search.json?client_id=0e5605cc6f7e47b58d6ad205a8ae973e&count=1&q=nobodyhasthisname999
    body:
      encoding: US-ASCII
      string: ''
    headers:
      Accept:
      - application/json; charset=utf-8
      User-Agent:
      - Instagram Ruby Gem 1.1.3
      Accept-Encoding:
      - gzip;q=1.0,deflate;q=0.6,identity;q=0.3
  response:
    status:
      code: 200
      message: OK
    headers:
      Server:
      - nginx
      Date:
      - Thu, 05 Mar 2015 02:33:47 GMT
      Content-Type:
      - application/json; charset=utf-8
      X-Ratelimit-Remaining:
      - '4994'
      Content-Language:
      - en
      Expires:
      - Sat, 01 Jan 2000 00:00:00 GMT
      Vary:
      - Cookie, Accept-Language
      X-Ratelimit-Limit:
      - '5000'
      Pragma:
      - no-cache
      Cache-Control:
      - private, no-cache, no-store, must-revalidate
      Set-Cookie:
      - csrftoken=e4305583c0739ac94ac9a2229070c50c; expires=Thu, 03-Mar-2016 02:33:47
        GMT; Max-Age=31449600; Path=/
      Connection:
      - keep-alive
      Content-Length:
      - '31'
    body:
      encoding: UTF-8
      string: '{"meta":{"code":200},"data":[]}'
    http_version: 
  recorded_at: Thu, 05 Mar 2015 02:33:47 GMT
recorded_with: VCR 2.9.3
